Сборка начата 10.11.2025 19:11:01.
Уровень детализации журнала: Normal.     1>Проект "C:\Users\user\Desktop\VS\ос\OS\lab_6\Lab_6\Lab-06-conds\Lab-06-conds.vcxproj" в узле 2 (целевые объекты Build).
     1>PrepareForBuild:
         Структурированный вывод включен. Форматирование диагностики компилятора будет отражать иерархию ошибок. Подробнее см. https://aka.ms/cpp/structured-output.
       InitializeBuildStatus:
         Обращение к "x64\Release\Lab-06-conds.tlog\unsuccessfulbuild".
       ClCompile:
         Для всех выходных данных обновления не требуется.
       Link:
         C:\Program Files\Microsoft Visual Studio\2022\Community\VC\Tools\MSVC\14.43.34808\bin\HostX64\x64\link.exe /ERRORREPORT:PROMPT /OUT:"C:\Users\user\Desktop\VS\ос\OS\lab_6\Lab_6\x64\Release\Lab-06-conds.exe" /NOLOGO kernel32.lib user32.lib gdi32.lib winspool.lib comdlg32.lib advapi32.lib shell32.lib ole32.lib oleaut32.lib uuid.lib odbc32.lib odbccp32.lib /MANIFEST /MANIFESTUAC:"level='asInvoker' uiAccess='false'" /manifest:embed /DEBUG /PDB:"C:\Users\user\Desktop\VS\ос\OS\lab_6\Lab_6\x64\Release\Lab-06-conds.pdb" /SUBSYSTEM:CONSOLE /OPT:REF /OPT:ICF /LTCG:incremental /LTCGOUT:"x64\Release\Lab-06-conds.iobj" /TLBID:1 /DYNAMICBASE /NXCOMPAT /IMPLIB:"C:\Users\user\Desktop\VS\ос\OS\lab_6\Lab_6\x64\Release\Lab-06-conds.lib" /MACHINE:X64 "x64\Release\Lab-06-conds.obj"
         Создание кода
         2 of 186 functions ( 1.1%) were compiled, the rest were copied from previous compilation.
           0 functions were new in current compilation
           0 functions had inline decision re-evaluated but remain unchanged
         Создание кода завершено
         Lab-06-conds.vcxproj -> C:\Users\user\Desktop\VS\ос\OS\lab_6\Lab_6\x64\Release\Lab-06-conds.exe
       FinalizeBuildStatus:
         Файл "x64\Release\Lab-06-conds.tlog\unsuccessfulbuild" удаляется.
         Обращение к "x64\Release\Lab-06-conds.tlog\Lab-06-conds.lastbuildstate".
     1>Сборка проекта "C:\Users\user\Desktop\VS\ос\OS\lab_6\Lab_6\Lab-06-conds\Lab-06-conds.vcxproj" завершена (целевые объекты Build).

Сборка успешно завершена.
    Предупреждений: 0
    Ошибок: 0

Прошло времени 00:00:00.58
