Сборка начата 10.11.2025 17:32:35.
Уровень детализации журнала: Normal.     1>Проект "C:\Users\user\Desktop\VS\ос\OS\lab_6\Lab_6\Lab-06b\Lab-06b.vcxproj" в узле 2 (целевые объекты Build).
     1>PrepareForBuild:
         Структурированный вывод включен. Форматирование диагностики компилятора будет отражать иерархию ошибок. Подробнее см. https://aka.ms/cpp/structured-output.
       InitializeBuildStatus:
         Создание "x64\Release\Lab-06b.tlog\unsuccessfulbuild", так как было задано "AlwaysCreate".
         Обращение к "x64\Release\Lab-06b.tlog\unsuccessfulbuild".
       ClCompile:
         C:\Program Files\Microsoft Visual Studio\2022\Community\VC\Tools\MSVC\14.43.34808\bin\HostX64\x64\CL.exe /c /Zi /nologo /W3 /WX- /diagnostics:column /sdl /O2 /Oi /GL /D NDEBUG /D _CONSOLE /D _UNICODE /D UNICODE /Gm- /EHsc /MD /GS /Gy /fp:precise /Zc:wchar_t /Zc:forScope /Zc:inline /permissive- /Fo"x64\Release\\" /Fd"x64\Release\vc143.pdb" /external:W3 /Gd /TP /FC /errorReport:prompt "Lab-06b.cpp"
         Lab-06b.cpp
       Link:
         C:\Program Files\Microsoft Visual Studio\2022\Community\VC\Tools\MSVC\14.43.34808\bin\HostX64\x64\link.exe /ERRORREPORT:PROMPT /OUT:"C:\Users\user\Desktop\VS\ос\OS\lab_6\Lab_6\x64\Release\Lab-06b.exe" /NOLOGO kernel32.lib user32.lib gdi32.lib winspool.lib comdlg32.lib advapi32.lib shell32.lib ole32.lib oleaut32.lib uuid.lib odbc32.lib odbccp32.lib /MANIFEST /MANIFESTUAC:"level='asInvoker' uiAccess='false'" /manifest:embed /DEBUG /PDB:"C:\Users\user\Desktop\VS\ос\OS\lab_6\Lab_6\x64\Release\Lab-06b.pdb" /SUBSYSTEM:CONSOLE /OPT:REF /OPT:ICF /LTCG:incremental /LTCGOUT:"x64\Release\Lab-06b.iobj" /TLBID:1 /DYNAMICBASE /NXCOMPAT /IMPLIB:"C:\Users\user\Desktop\VS\ос\OS\lab_6\Lab_6\x64\Release\Lab-06b.lib" /MACHINE:X64 "x64\Release\Lab-06b.obj"
         Создание кода
         0 of 167 functions ( 0.0%) were compiled, the rest were copied from previous compilation.
           0 functions were new in current compilation
           0 functions had inline decision re-evaluated but remain unchanged
         Создание кода завершено
         Lab-06b.vcxproj -> C:\Users\user\Desktop\VS\ос\OS\lab_6\Lab_6\x64\Release\Lab-06b.exe
       FinalizeBuildStatus:
         Файл "x64\Release\Lab-06b.tlog\unsuccessfulbuild" удаляется.
         Обращение к "x64\Release\Lab-06b.tlog\Lab-06b.lastbuildstate".
     1>Сборка проекта "C:\Users\user\Desktop\VS\ос\OS\lab_6\Lab_6\Lab-06b\Lab-06b.vcxproj" завершена (целевые объекты Build).

Сборка успешно завершена.
    Предупреждений: 0
    Ошибок: 0

Прошло времени 00:00:01.54
